// Jest Snapshot v1, https://goo.gl/fbAQLP

exports[`MessageDisplay Renders MessageDisplay component correctly 1`] = `
<p
  data-testid="message"
>
  
</p>
`;
