// Jest Snapshot v1, https://goo.gl/fbAQLP

exports[`RandomNumber If button is clicked, randomNumber should be between 200 and 300 1`] = `<div><span>273</span> <button>Generate Random Number</button></div>`;
